Card Eight of Clubs
Card Ace of Diamonds
Card Six of Hearts
Card Seven of Spades
Card Queen of Clubs
Card Seven of Diamonds
Card King of Diamonds
Card Jack of Diamonds
Card Ace of Clubs
Card Six of Spades
Card Ten of Hearts
Card Jack of Spades
Card Ace of Hearts
Card Queen of Spades
Card Seven of Hearts
Card King of Clubs
Card Nine of Clubs
Card King of Spades
Card King of Hearts
Card Jack of Clubs
Card Ten of Diamonds
Card Queen of Diamonds
Card Nine of Hearts
Card Eight of Spades
Card Six of Clubs
Card Seven of Clubs
Card Eight of Hearts
Card Ten of Clubs
Card Queen of Hearts
Card Eight of Diamonds
Card Six of Diamonds
Card Nine of Diamonds
Card Jack of Hearts
Card Nine of Spades
Card Ten of Spades
Card Ace of Spades
new shuffle [y/n]: 

